// Jest Snapshot v1, https://goo.gl/fbAQLP

exports[`<App/> basic render 1`] = `
ShallowWrapper {
  "length": 1,
  Symbol(enzyme.__root__): [Circular],
  Symbol(enzyme.__unrendered__): <App />,
  Symbol(enzyme.__renderer__): Object {
    "batchedUpdates": [Function],
    "getNode": [Function],
    "render": [Function],
    "simulateEvent": [Function],
    "unmount": [Function],
  },
  Symbol(enzyme.__node__): Object {
    "instance": null,
    "key": null,
    "nodeType": "host",
    "props": Object {
      "children": Array [
        <Header__StyledComponent>
          Sneak Squeak
        </Header__StyledComponent>,
        <Button__StyledComponent>
          <Link
            replace={false}
            to="/authorize"
          >
            JOIN US NOW
          </Link>
        </Button__StyledComponent>,
      ],
      "className": undefined,
    },
    "ref": null,
    "rendered": Array [
      Object {
        "instance": null,
        "key": null,
        "nodeType": "class",
        "props": Object {
          "children": "Sneak Squeak",
        },
        "ref": null,
        "rendered": "Sneak Squeak",
        "type": [Function],
      },
      Object {
        "instance": null,
        "key": null,
        "nodeType": "class",
        "props": Object {
          "children": <Link
            replace={false}
            to="/authorize"
          >
            JOIN US NOW
          </Link>,
        },
        "ref": null,
        "rendered": Object {
          "instance": null,
          "key": null,
          "nodeType": "class",
          "props": Object {
            "children": "JOIN US NOW",
            "replace": false,
            "to": "/authorize",
          },
          "ref": null,
          "rendered": "JOIN US NOW",
          "type": [Function],
        },
        "type": [Function],
      },
    ],
    "type": "div",
  },
  Symbol(enzyme.__nodes__): Array [
    Object {
      "instance": null,
      "key": null,
      "nodeType": "host",
      "props": Object {
        "children": Array [
          <Header__StyledComponent>
            Sneak Squeak
          </Header__StyledComponent>,
          <Button__StyledComponent>
            <Link
              replace={false}
              to="/authorize"
            >
              JOIN US NOW
            </Link>
          </Button__StyledComponent>,
        ],
        "className": undefined,
      },
      "ref": null,
      "rendered": Array [
        Object {
          "instance": null,
          "key": null,
          "nodeType": "class",
          "props": Object {
            "children": "Sneak Squeak",
          },
          "ref": null,
          "rendered": "Sneak Squeak",
          "type": [Function],
        },
        Object {
          "instance": null,
          "key": null,
          "nodeType": "class",
          "props": Object {
            "children": <Link
              replace={false}
              to="/authorize"
            >
              JOIN US NOW
            </Link>,
          },
          "ref": null,
          "rendered": Object {
            "instance": null,
            "key": null,
            "nodeType": "class",
            "props": Object {
              "children": "JOIN US NOW",
              "replace": false,
              "to": "/authorize",
            },
            "ref": null,
            "rendered": "JOIN US NOW",
            "type": [Function],
          },
          "type": [Function],
        },
      ],
      "type": "div",
    },
  ],
  Symbol(enzyme.__options__): Object {
    "adapter": ReactSixteenAdapter {
      "options": Object {
        "enableComponentDidUpdateOnSetState": true,
      },
    },
  },
}
`;
